running develop
running egg_info
creating my_robot_package.egg-info
writing my_robot_package.egg-info/PKG-INFO
writing dependency_links to my_robot_package.egg-info/dependency_links.txt
writing entry points to my_robot_package.egg-info/entry_points.txt
writing requirements to my_robot_package.egg-info/requires.txt
writing top-level names to my_robot_package.egg-info/top_level.txt
writing manifest file 'my_robot_package.egg-info/SOURCES.txt'
reading manifest file 'my_robot_package.egg-info/SOURCES.txt'
writing manifest file 'my_robot_package.egg-info/SOURCES.txt'
running build_ext
Creating /home/saravanakumar/my_ws/install/my_robot_package/lib/python3.10/site-packages/my-robot-package.egg-link (link to .)
Installing depth_filter_node script to /home/saravanakumar/my_ws/install/my_robot_package/bin

Installed /home/saravanakumar/my_ws/build/my_robot_package
running symlink_data
creating /home/saravanakumar/my_ws/install/my_robot_package/share
creating /home/saravanakumar/my_ws/install/my_robot_package/share/ament_index
creating /home/saravanakumar/my_ws/install/my_robot_package/share/ament_index/resource_index
creating /home/saravanakumar/my_ws/install/my_robot_package/share/ament_index/resource_index/packages
symbolically linking /home/saravanakumar/my_ws/build/my_robot_package/resource/my_robot_package -> /home/saravanakumar/my_ws/install/my_robot_package/share/ament_index/resource_index/packages
creating /home/saravanakumar/my_ws/install/my_robot_package/share/my_robot_package
symbolically linking /home/saravanakumar/my_ws/build/my_robot_package/package.xml -> /home/saravanakumar/my_ws/install/my_robot_package/share/my_robot_package
creating /home/saravanakumar/my_ws/install/my_robot_package/share/my_robot_package/launch
symbolically linking /home/saravanakumar/my_ws/build/my_robot_package/launch/rtab_map.py -> /home/saravanakumar/my_ws/install/my_robot_package/share/my_robot_package/launch
creating /home/saravanakumar/my_ws/install/my_robot_package/share/my_robot_package/config
symbolically linking /home/saravanakumar/my_ws/build/my_robot_package/config/nav2_params.yaml -> /home/saravanakumar/my_ws/install/my_robot_package/share/my_robot_package/config
