[0.621s] Invoking command in '/home/saravanakumar/my_ws/src/build/my_robot_package': PYTHONPATH=/home/saravanakumar/my_ws/src/build/my_robot_package/prefix_override:/usr/lib/python3/dist-packages/colcon_core/task/python/colcon_distutils_commands:/home/saravanakumar/my_ws/src/install/my_robot_package/lib/python3.10/site-packages:${PYTHONPATH} /usr/bin/python3 -W ignore:setup.py install is deprecated -W ignore:easy_install command is deprecated setup.py develop --editable --build-directory /home/saravanakumar/my_ws/src/build/my_robot_package/build --no-deps symlink_data
[0.893s] running develop
[1.071s] running egg_info
[1.071s] creating my_robot_package.egg-info
[1.071s] writing my_robot_package.egg-info/PKG-INFO
[1.071s] writing dependency_links to my_robot_package.egg-info/dependency_links.txt
[1.071s] writing entry points to my_robot_package.egg-info/entry_points.txt
[1.071s] writing requirements to my_robot_package.egg-info/requires.txt
[1.071s] writing top-level names to my_robot_package.egg-info/top_level.txt
[1.071s] writing manifest file 'my_robot_package.egg-info/SOURCES.txt'
[1.073s] reading manifest file 'my_robot_package.egg-info/SOURCES.txt'
[1.073s] writing manifest file 'my_robot_package.egg-info/SOURCES.txt'
[1.074s] running build_ext
[1.074s] Creating /home/saravanakumar/my_ws/src/install/my_robot_package/lib/python3.10/site-packages/my-robot-package.egg-link (link to .)
[1.075s] Installing depth_filter_node script to /home/saravanakumar/my_ws/src/install/my_robot_package/bin
[1.076s] 
[1.076s] Installed /home/saravanakumar/my_ws/src/build/my_robot_package
[1.076s] running symlink_data
[1.076s] creating /home/saravanakumar/my_ws/src/install/my_robot_package/share
[1.076s] creating /home/saravanakumar/my_ws/src/install/my_robot_package/share/ament_index
[1.076s] creating /home/saravanakumar/my_ws/src/install/my_robot_package/share/ament_index/resource_index
[1.076s] creating /home/saravanakumar/my_ws/src/install/my_robot_package/share/ament_index/resource_index/packages
[1.076s] symbolically linking /home/saravanakumar/my_ws/src/build/my_robot_package/resource/my_robot_package -> /home/saravanakumar/my_ws/src/install/my_robot_package/share/ament_index/resource_index/packages
[1.076s] creating /home/saravanakumar/my_ws/src/install/my_robot_package/share/my_robot_package
[1.076s] symbolically linking /home/saravanakumar/my_ws/src/build/my_robot_package/package.xml -> /home/saravanakumar/my_ws/src/install/my_robot_package/share/my_robot_package
[1.076s] creating /home/saravanakumar/my_ws/src/install/my_robot_package/share/my_robot_package/launch
[1.076s] symbolically linking /home/saravanakumar/my_ws/src/build/my_robot_package/launch/rtab_map.py -> /home/saravanakumar/my_ws/src/install/my_robot_package/share/my_robot_package/launch
[1.076s] creating /home/saravanakumar/my_ws/src/install/my_robot_package/share/my_robot_package/config
[1.077s] symbolically linking /home/saravanakumar/my_ws/src/build/my_robot_package/config/nav2_params.yaml -> /home/saravanakumar/my_ws/src/install/my_robot_package/share/my_robot_package/config
[1.113s] Invoked command in '/home/saravanakumar/my_ws/src/build/my_robot_package' returned '0': PYTHONPATH=/home/saravanakumar/my_ws/src/build/my_robot_package/prefix_override:/usr/lib/python3/dist-packages/colcon_core/task/python/colcon_distutils_commands:/home/saravanakumar/my_ws/src/install/my_robot_package/lib/python3.10/site-packages:${PYTHONPATH} /usr/bin/python3 -W ignore:setup.py install is deprecated -W ignore:easy_install command is deprecated setup.py develop --editable --build-directory /home/saravanakumar/my_ws/src/build/my_robot_package/build --no-deps symlink_data
