[0.597s] Invoking command in '/home/saravanakumar/my_ws/build/my_robot_package': PYTHONPATH=/home/saravanakumar/my_ws/build/my_robot_package/prefix_override:/usr/lib/python3/dist-packages/colcon_core/task/python/colcon_distutils_commands:/home/saravanakumar/my_ws/install/my_robot_package/lib/python3.10/site-packages:${PYTHONPATH} /usr/bin/python3 -W ignore:setup.py install is deprecated -W ignore:easy_install command is deprecated setup.py develop --editable --build-directory /home/saravanakumar/my_ws/build/my_robot_package/build --no-deps symlink_data
[0.836s] running develop
[0.999s] running egg_info
[0.999s] writing my_robot_package.egg-info/PKG-INFO
[0.999s] writing dependency_links to my_robot_package.egg-info/dependency_links.txt
[0.999s] writing entry points to my_robot_package.egg-info/entry_points.txt
[1.000s] writing requirements to my_robot_package.egg-info/requires.txt
[1.000s] writing top-level names to my_robot_package.egg-info/top_level.txt
[1.002s] reading manifest file 'my_robot_package.egg-info/SOURCES.txt'
[1.003s] writing manifest file 'my_robot_package.egg-info/SOURCES.txt'
[1.004s] running build_ext
[1.004s] Creating /home/saravanakumar/my_ws/install/my_robot_package/lib/python3.10/site-packages/my-robot-package.egg-link (link to .)
[1.005s] Installing depth_filter_node script to /home/saravanakumar/my_ws/install/my_robot_package/bin
[1.005s] 
[1.005s] Installed /home/saravanakumar/my_ws/build/my_robot_package
[1.005s] running symlink_data
[1.005s] symbolically linking /home/saravanakumar/my_ws/build/my_robot_package/resource/my_robot_package -> /home/saravanakumar/my_ws/install/my_robot_package/share/ament_index/resource_index/packages
[1.005s] creating /home/saravanakumar/my_ws/install/my_robot_package/share/my_robot_package
[1.005s] symbolically linking /home/saravanakumar/my_ws/build/my_robot_package/package.xml -> /home/saravanakumar/my_ws/install/my_robot_package/share/my_robot_package
[1.005s] creating /home/saravanakumar/my_ws/install/my_robot_package/share/my_robot_package/launch
[1.005s] symbolically linking /home/saravanakumar/my_ws/build/my_robot_package/launch/rtab_map.py -> /home/saravanakumar/my_ws/install/my_robot_package/share/my_robot_package/launch
[1.005s] creating /home/saravanakumar/my_ws/install/my_robot_package/share/my_robot_package/config
[1.006s] symbolically linking /home/saravanakumar/my_ws/build/my_robot_package/config/nav2_params.yaml -> /home/saravanakumar/my_ws/install/my_robot_package/share/my_robot_package/config
[1.041s] Invoked command in '/home/saravanakumar/my_ws/build/my_robot_package' returned '0': PYTHONPATH=/home/saravanakumar/my_ws/build/my_robot_package/prefix_override:/usr/lib/python3/dist-packages/colcon_core/task/python/colcon_distutils_commands:/home/saravanakumar/my_ws/install/my_robot_package/lib/python3.10/site-packages:${PYTHONPATH} /usr/bin/python3 -W ignore:setup.py install is deprecated -W ignore:easy_install command is deprecated setup.py develop --editable --build-directory /home/saravanakumar/my_ws/build/my_robot_package/build --no-deps symlink_data
