[0.106s] DEBUG:colcon:Command line arguments: ['/usr/bin/colcon', 'build', '--symlink-install']
[0.106s] DEBUG:colcon:Parsed command line arguments: Namespace(log_base=None, log_level=None, verb_name='build', build_base='build', install_base='install', merge_install=False, symlink_install=True, test_result_base=None, continue_on_error=False, executor='parallel', parallel_workers=16, event_handlers=None, ignore_user_meta=False, metas=['./colcon.meta'], base_paths=['.'], packages_ignore=None, packages_ignore_regex=None, paths=None, packages_up_to=None, packages_up_to_regex=None, packages_above=None, packages_above_and_dependencies=None, packages_above_depth=None, packages_select_by_dep=None, packages_skip_by_dep=None, packages_skip_up_to=None, packages_select_build_failed=False, packages_skip_build_finished=False, packages_select_test_failures=False, packages_skip_test_passed=False, packages_select=None, packages_skip=None, packages_select_regex=None, packages_skip_regex=None, packages_start=None, packages_end=None, allow_overriding=[], cmake_args=None, cmake_target=None, cmake_target_skip_unavailable=False, cmake_clean_cache=False, cmake_clean_first=False, cmake_force_configure=False, ament_cmake_args=None, catkin_cmake_args=None, catkin_skip_building_tests=False, mixin_files=None, mixin=None, verb_parser=<colcon_mixin.mixin.mixin_argument.MixinArgumentDecorator object at 0x75b4c3d6af50>, verb_extension=<colcon_core.verb.build.BuildVerb object at 0x75b4c3d6a9e0>, main=<bound method BuildVerb.main of <colcon_core.verb.build.BuildVerb object at 0x75b4c3d6a9e0>>, mixin_verb=('build',))
[0.261s] Level 1:colcon.colcon_core.package_discovery:discover_packages(colcon_meta) check parameters
[0.261s] Level 1:colcon.colcon_core.package_discovery:discover_packages(recursive) check parameters
[0.261s] Level 1:colcon.colcon_core.package_discovery:discover_packages(ignore) check parameters
[0.261s] Level 1:colcon.colcon_core.package_discovery:discover_packages(path) check parameters
[0.261s] Level 1:colcon.colcon_core.package_discovery:discover_packages(colcon_meta) discover
[0.261s] Level 1:colcon.colcon_core.package_discovery:discover_packages(recursive) discover
[0.261s] INFO:colcon.colcon_core.package_discovery:Crawling recursively for packages in '/home/saravanakumar/my_ws'
[0.261s] Level 1:colcon.colcon_core.package_identification:_identify(.) by extensions ['ignore', 'ignore_ament_install']
[0.261s] Level 1:colcon.colcon_core.package_identification:_identify(.) by extension 'ignore'
[0.261s] Level 1:colcon.colcon_core.package_identification:_identify(.) by extension 'ignore_ament_install'
[0.261s] Level 1:colcon.colcon_core.package_identification:_identify(.) by extensions ['colcon_pkg']
[0.261s] Level 1:colcon.colcon_core.package_identification:_identify(.) by extension 'colcon_pkg'
[0.261s] Level 1:colcon.colcon_core.package_identification:_identify(.) by extensions ['colcon_meta']
[0.261s] Level 1:colcon.colcon_core.package_identification:_identify(.) by extension 'colcon_meta'
[0.261s] Level 1:colcon.colcon_core.package_identification:_identify(.) by extensions ['ros']
[0.261s] Level 1:colcon.colcon_core.package_identification:_identify(.) by extension 'ros'
[0.271s] Level 1:colcon.colcon_core.package_identification:_identify(.) by extensions ['cmake', 'python']
[0.271s] Level 1:colcon.colcon_core.package_identification:_identify(.) by extension 'cmake'
[0.271s] Level 1:colcon.colcon_core.package_identification:_identify(.) by extension 'python'
[0.272s] Level 1:colcon.colcon_core.package_identification:_identify(.) by extensions ['python_setup_py']
[0.272s] Level 1:colcon.colcon_core.package_identification:_identify(.) by extension 'python_setup_py'
[0.272s] Level 1:colcon.colcon_core.package_identification:_identify(build) by extensions ['ignore', 'ignore_ament_install']
[0.272s] Level 1:colcon.colcon_core.package_identification:_identify(build) by extension 'ignore'
[0.272s] Level 1:colcon.colcon_core.package_identification:_identify(build) ignored
[0.272s] Level 1:colcon.colcon_core.package_identification:_identify(install) by extensions ['ignore', 'ignore_ament_install']
[0.272s] Level 1:colcon.colcon_core.package_identification:_identify(install) by extension 'ignore'
[0.272s] Level 1:colcon.colcon_core.package_identification:_identify(install) ignored
[0.272s] Level 1:colcon.colcon_core.package_identification:_identify(log) by extensions ['ignore', 'ignore_ament_install']
[0.272s] Level 1:colcon.colcon_core.package_identification:_identify(log) by extension 'ignore'
[0.272s] Level 1:colcon.colcon_core.package_identification:_identify(log) ignored
[0.272s] Level 1:colcon.colcon_core.package_identification:_identify(src) by extensions ['ignore', 'ignore_ament_install']
[0.272s] Level 1:colcon.colcon_core.package_identification:_identify(src) by extension 'ignore'
[0.272s] Level 1:colcon.colcon_core.package_identification:_identify(src) by extension 'ignore_ament_install'
[0.273s] Level 1:colcon.colcon_core.package_identification:_identify(src) by extensions ['colcon_pkg']
[0.273s] Level 1:colcon.colcon_core.package_identification:_identify(src) by extension 'colcon_pkg'
[0.273s] Level 1:colcon.colcon_core.package_identification:_identify(src) by extensions ['colcon_meta']
[0.273s] Level 1:colcon.colcon_core.package_identification:_identify(src) by extension 'colcon_meta'
[0.273s] Level 1:colcon.colcon_core.package_identification:_identify(src) by extensions ['ros']
[0.273s] Level 1:colcon.colcon_core.package_identification:_identify(src) by extension 'ros'
[0.273s] Level 1:colcon.colcon_core.package_identification:_identify(src) by extensions ['cmake', 'python']
[0.273s] Level 1:colcon.colcon_core.package_identification:_identify(src) by extension 'cmake'
[0.273s] Level 1:colcon.colcon_core.package_identification:_identify(src) by extension 'python'
[0.273s] Level 1:colcon.colcon_core.package_identification:_identify(src) by extensions ['python_setup_py']
[0.273s] Level 1:colcon.colcon_core.package_identification:_identify(src) by extension 'python_setup_py'
[0.273s] Level 1:colcon.colcon_core.package_identification:_identify(src/my_bot) by extensions ['ignore', 'ignore_ament_install']
[0.273s] Level 1:colcon.colcon_core.package_identification:_identify(src/my_bot) by extension 'ignore'
[0.273s] Level 1:colcon.colcon_core.package_identification:_identify(src/my_bot) by extension 'ignore_ament_install'
[0.273s] Level 1:colcon.colcon_core.package_identification:_identify(src/my_bot) by extensions ['colcon_pkg']
[0.273s] Level 1:colcon.colcon_core.package_identification:_identify(src/my_bot) by extension 'colcon_pkg'
[0.273s] Level 1:colcon.colcon_core.package_identification:_identify(src/my_bot) by extensions ['colcon_meta']
[0.273s] Level 1:colcon.colcon_core.package_identification:_identify(src/my_bot) by extension 'colcon_meta'
[0.273s] Level 1:colcon.colcon_core.package_identification:_identify(src/my_bot) by extensions ['ros']
[0.273s] Level 1:colcon.colcon_core.package_identification:_identify(src/my_bot) by extension 'ros'
[0.275s] DEBUG:colcon.colcon_core.package_identification:Package 'src/my_bot' with type 'ros.ament_cmake' and name 'my_bot'
[0.276s] Level 1:colcon.colcon_core.package_identification:_identify(src/my_robot_package) by extensions ['ignore', 'ignore_ament_install']
[0.276s] Level 1:colcon.colcon_core.package_identification:_identify(src/my_robot_package) by extension 'ignore'
[0.276s] Level 1:colcon.colcon_core.package_identification:_identify(src/my_robot_package) by extension 'ignore_ament_install'
[0.276s] Level 1:colcon.colcon_core.package_identification:_identify(src/my_robot_package) by extensions ['colcon_pkg']
[0.276s] Level 1:colcon.colcon_core.package_identification:_identify(src/my_robot_package) by extension 'colcon_pkg'
[0.276s] Level 1:colcon.colcon_core.package_identification:_identify(src/my_robot_package) by extensions ['colcon_meta']
[0.276s] Level 1:colcon.colcon_core.package_identification:_identify(src/my_robot_package) by extension 'colcon_meta'
[0.276s] Level 1:colcon.colcon_core.package_identification:_identify(src/my_robot_package) by extensions ['ros']
[0.276s] Level 1:colcon.colcon_core.package_identification:_identify(src/my_robot_package) by extension 'ros'
[0.276s] DEBUG:colcon.colcon_core.package_identification:Failed to parse potential ROS package manifest in'src/my_robot_package': Error(s) in package 'src/my_robot_package/package.xml':
The manifest contains invalid XML:
junk after document element: line 2, column 0
[0.276s] Level 1:colcon.colcon_core.package_identification:_identify(src/my_robot_package) by extensions ['cmake', 'python']
[0.276s] Level 1:colcon.colcon_core.package_identification:_identify(src/my_robot_package) by extension 'cmake'
[0.276s] Level 1:colcon.colcon_core.package_identification:_identify(src/my_robot_package) by extension 'python'
[0.276s] Level 1:colcon.colcon_core.package_identification:_identify(src/my_robot_package) by extensions ['python_setup_py']
[0.276s] Level 1:colcon.colcon_core.package_identification:_identify(src/my_robot_package) by extension 'python_setup_py'
[0.518s] DEBUG:colcon.colcon_core.package_identification:Package 'src/my_robot_package' with type 'python' and name 'my_robot_package'
[0.518s] Level 1:colcon.colcon_core.package_discovery:discover_packages(recursive) using defaults
[0.518s] Level 1:colcon.colcon_core.package_discovery:discover_packages(ignore) discover
[0.518s] Level 1:colcon.colcon_core.package_discovery:discover_packages(ignore) using defaults
[0.518s] Level 1:colcon.colcon_core.package_discovery:discover_packages(path) discover
[0.518s] Level 1:colcon.colcon_core.package_discovery:discover_packages(path) using defaults
[0.534s] Level 1:colcon.colcon_core.package_discovery:discover_packages(prefix_path) check parameters
[0.535s] Level 1:colcon.colcon_core.package_discovery:discover_packages(prefix_path) discover
[0.536s] DEBUG:colcon.colcon_installed_package_information.package_discovery:Found 1 installed packages in /home/saravanakumar/my_ws/install
[0.538s] DEBUG:colcon.colcon_installed_package_information.package_discovery:Found 504 installed packages in /opt/ros/humble
[0.540s] Level 1:colcon.colcon_core.package_discovery:discover_packages(prefix_path) using defaults
[0.591s] Level 5:colcon.colcon_core.verb:set package 'my_bot' build argument 'cmake_args' from command line to 'None'
[0.591s] Level 5:colcon.colcon_core.verb:set package 'my_bot' build argument 'cmake_target' from command line to 'None'
[0.591s] Level 5:colcon.colcon_core.verb:set package 'my_bot' build argument 'cmake_target_skip_unavailable' from command line to 'False'
[0.591s] Level 5:colcon.colcon_core.verb:set package 'my_bot' build argument 'cmake_clean_cache' from command line to 'False'
[0.591s] Level 5:colcon.colcon_core.verb:set package 'my_bot' build argument 'cmake_clean_first' from command line to 'False'
[0.591s] Level 5:colcon.colcon_core.verb:set package 'my_bot' build argument 'cmake_force_configure' from command line to 'False'
[0.592s] Level 5:colcon.colcon_core.verb:set package 'my_bot' build argument 'ament_cmake_args' from command line to 'None'
[0.592s] Level 5:colcon.colcon_core.verb:set package 'my_bot' build argument 'catkin_cmake_args' from command line to 'None'
[0.592s] Level 5:colcon.colcon_core.verb:set package 'my_bot' build argument 'catkin_skip_building_tests' from command line to 'False'
[0.592s] DEBUG:colcon.colcon_core.verb:Building package 'my_bot' with the following arguments: {'ament_cmake_args': None, 'build_base': '/home/saravanakumar/my_ws/build/my_bot', 'catkin_cmake_args': None, 'catkin_skip_building_tests': False, 'cmake_args': None, 'cmake_clean_cache': False, 'cmake_clean_first': False, 'cmake_force_configure': False, 'cmake_target': None, 'cmake_target_skip_unavailable': False, 'install_base': '/home/saravanakumar/my_ws/install/my_bot', 'merge_install': False, 'path': '/home/saravanakumar/my_ws/src/my_bot', 'symlink_install': True, 'test_result_base': None}
[0.592s] Level 5:colcon.colcon_core.verb:set package 'my_robot_package' build argument 'cmake_args' from command line to 'None'
[0.592s] Level 5:colcon.colcon_core.verb:set package 'my_robot_package' build argument 'cmake_target' from command line to 'None'
[0.592s] Level 5:colcon.colcon_core.verb:set package 'my_robot_package' build argument 'cmake_target_skip_unavailable' from command line to 'False'
[0.592s] Level 5:colcon.colcon_core.verb:set package 'my_robot_package' build argument 'cmake_clean_cache' from command line to 'False'
[0.592s] Level 5:colcon.colcon_core.verb:set package 'my_robot_package' build argument 'cmake_clean_first' from command line to 'False'
[0.592s] Level 5:colcon.colcon_core.verb:set package 'my_robot_package' build argument 'cmake_force_configure' from command line to 'False'
[0.592s] Level 5:colcon.colcon_core.verb:set package 'my_robot_package' build argument 'ament_cmake_args' from command line to 'None'
[0.593s] Level 5:colcon.colcon_core.verb:set package 'my_robot_package' build argument 'catkin_cmake_args' from command line to 'None'
[0.593s] Level 5:colcon.colcon_core.verb:set package 'my_robot_package' build argument 'catkin_skip_building_tests' from command line to 'False'
[0.593s] DEBUG:colcon.colcon_core.verb:Building package 'my_robot_package' with the following arguments: {'ament_cmake_args': None, 'build_base': '/home/saravanakumar/my_ws/build/my_robot_package', 'catkin_cmake_args': None, 'catkin_skip_building_tests': False, 'cmake_args': None, 'cmake_clean_cache': False, 'cmake_clean_first': False, 'cmake_force_configure': False, 'cmake_target': None, 'cmake_target_skip_unavailable': False, 'install_base': '/home/saravanakumar/my_ws/install/my_robot_package', 'merge_install': False, 'path': '/home/saravanakumar/my_ws/src/my_robot_package', 'symlink_install': True, 'test_result_base': None}
[0.593s] INFO:colcon.colcon_core.executor:Executing jobs using 'parallel' executor
[0.594s] DEBUG:colcon.colcon_parallel_executor.executor.parallel:run_until_complete
[0.594s] INFO:colcon.colcon_ros.task.ament_cmake.build:Building ROS package in '/home/saravanakumar/my_ws/src/my_bot' with build type 'ament_cmake'
[0.594s] INFO:colcon.colcon_cmake.task.cmake.build:Building CMake package in '/home/saravanakumar/my_ws/src/my_bot'
[0.596s] INFO:colcon.colcon_core.plugin_system:Skipping extension 'colcon_core.shell.bat': Not used on non-Windows systems
[0.596s] INFO:colcon.colcon_core.shell:Skip shell extension 'powershell' for command environment: Not usable outside of PowerShell
[0.597s] DEBUG:colcon.colcon_core.shell:Skip shell extension 'dsv' for command environment
[0.601s] INFO:colcon.colcon_core.task.python.build:Building Python package in '/home/saravanakumar/my_ws/src/my_robot_package'
[0.601s] INFO:colcon.colcon_core.shell:Skip shell extension 'powershell' for command environment: Not usable outside of PowerShell
[0.601s] DEBUG:colcon.colcon_core.shell:Skip shell extension 'dsv' for command environment
[0.610s] DEBUG:colcon.colcon_core.event_handler.log_command:Invoking command in '/home/saravanakumar/my_ws/build/my_bot': CMAKE_PREFIX_PATH=${CMAKE_PREFIX_PATH}:/opt/ros/humble /usr/bin/cmake --build /home/saravanakumar/my_ws/build/my_bot -- -j16 -l16
[0.859s] DEBUG:colcon.colcon_core.event_handler.log_command:Invoked command in '/home/saravanakumar/my_ws/build/my_bot' returned '0': CMAKE_PREFIX_PATH=${CMAKE_PREFIX_PATH}:/opt/ros/humble /usr/bin/cmake --build /home/saravanakumar/my_ws/build/my_bot -- -j16 -l16
[0.869s] DEBUG:colcon.colcon_core.event_handler.log_command:Invoking command in '/home/saravanakumar/my_ws/build/my_bot': CMAKE_PREFIX_PATH=${CMAKE_PREFIX_PATH}:/opt/ros/humble /usr/bin/cmake --install /home/saravanakumar/my_ws/build/my_bot
[0.901s] Level 1:colcon.colcon_core.environment:create_environment_scripts_only(my_bot)
[0.902s] DEBUG:colcon.colcon_core.event_handler.log_command:Invoked command in '/home/saravanakumar/my_ws/build/my_bot' returned '0': CMAKE_PREFIX_PATH=${CMAKE_PREFIX_PATH}:/opt/ros/humble /usr/bin/cmake --install /home/saravanakumar/my_ws/build/my_bot
[0.903s] Level 1:colcon.colcon_core.environment:checking '/home/saravanakumar/my_ws/install/my_bot' for CMake module files
[0.904s] Level 1:colcon.colcon_core.environment:checking '/home/saravanakumar/my_ws/install/my_bot' for CMake config files
[0.904s] Level 1:colcon.colcon_core.shell:create_environment_hook('my_bot', 'cmake_prefix_path')
[0.904s] INFO:colcon.colcon_core.shell:Creating environment hook '/home/saravanakumar/my_ws/install/my_bot/share/my_bot/hook/cmake_prefix_path.ps1'
[0.905s] INFO:colcon.colcon_core.shell:Creating environment descriptor '/home/saravanakumar/my_ws/install/my_bot/share/my_bot/hook/cmake_prefix_path.dsv'
[0.905s] INFO:colcon.colcon_core.shell:Creating environment hook '/home/saravanakumar/my_ws/install/my_bot/share/my_bot/hook/cmake_prefix_path.sh'
[0.906s] Level 1:colcon.colcon_core.environment:checking '/home/saravanakumar/my_ws/install/my_bot/lib'
[0.907s] Level 1:colcon.colcon_core.environment:checking '/home/saravanakumar/my_ws/install/my_bot/bin'
[0.907s] Level 1:colcon.colcon_core.environment:checking '/home/saravanakumar/my_ws/install/my_bot/lib/pkgconfig/my_bot.pc'
[0.907s] Level 1:colcon.colcon_core.environment:checking '/home/saravanakumar/my_ws/install/my_bot/lib/python3.10/site-packages'
[0.907s] Level 1:colcon.colcon_core.environment:checking '/home/saravanakumar/my_ws/install/my_bot/bin'
[0.907s] INFO:colcon.colcon_core.shell:Creating package script '/home/saravanakumar/my_ws/install/my_bot/share/my_bot/package.ps1'
[0.908s] INFO:colcon.colcon_core.shell:Creating package descriptor '/home/saravanakumar/my_ws/install/my_bot/share/my_bot/package.dsv'
[0.908s] INFO:colcon.colcon_core.shell:Creating package script '/home/saravanakumar/my_ws/install/my_bot/share/my_bot/package.sh'
[0.909s] INFO:colcon.colcon_core.shell:Creating package script '/home/saravanakumar/my_ws/install/my_bot/share/my_bot/package.bash'
[0.909s] INFO:colcon.colcon_core.shell:Creating package script '/home/saravanakumar/my_ws/install/my_bot/share/my_bot/package.zsh'
[0.910s] Level 1:colcon.colcon_core.environment:create_file_with_runtime_dependencies(/home/saravanakumar/my_ws/install/my_bot/share/colcon-core/packages/my_bot)
[0.911s] Level 1:colcon.colcon_core.environment:create_environment_scripts_only(my_bot)
[0.911s] Level 1:colcon.colcon_core.environment:checking '/home/saravanakumar/my_ws/install/my_bot' for CMake module files
[0.911s] Level 1:colcon.colcon_core.environment:checking '/home/saravanakumar/my_ws/install/my_bot' for CMake config files
[0.912s] Level 1:colcon.colcon_core.shell:create_environment_hook('my_bot', 'cmake_prefix_path')
[0.912s] INFO:colcon.colcon_core.shell:Creating environment hook '/home/saravanakumar/my_ws/install/my_bot/share/my_bot/hook/cmake_prefix_path.ps1'
[0.912s] INFO:colcon.colcon_core.shell:Creating environment descriptor '/home/saravanakumar/my_ws/install/my_bot/share/my_bot/hook/cmake_prefix_path.dsv'
[0.913s] INFO:colcon.colcon_core.shell:Creating environment hook '/home/saravanakumar/my_ws/install/my_bot/share/my_bot/hook/cmake_prefix_path.sh'
[0.914s] Level 1:colcon.colcon_core.environment:checking '/home/saravanakumar/my_ws/install/my_bot/lib'
[0.914s] Level 1:colcon.colcon_core.environment:checking '/home/saravanakumar/my_ws/install/my_bot/bin'
[0.914s] Level 1:colcon.colcon_core.environment:checking '/home/saravanakumar/my_ws/install/my_bot/lib/pkgconfig/my_bot.pc'
[0.914s] Level 1:colcon.colcon_core.environment:checking '/home/saravanakumar/my_ws/install/my_bot/lib/python3.10/site-packages'
[0.914s] Level 1:colcon.colcon_core.environment:checking '/home/saravanakumar/my_ws/install/my_bot/bin'
[0.915s] INFO:colcon.colcon_core.shell:Creating package script '/home/saravanakumar/my_ws/install/my_bot/share/my_bot/package.ps1'
[0.915s] INFO:colcon.colcon_core.shell:Creating package descriptor '/home/saravanakumar/my_ws/install/my_bot/share/my_bot/package.dsv'
[0.915s] INFO:colcon.colcon_core.shell:Creating package script '/home/saravanakumar/my_ws/install/my_bot/share/my_bot/package.sh'
[0.916s] INFO:colcon.colcon_core.shell:Creating package script '/home/saravanakumar/my_ws/install/my_bot/share/my_bot/package.bash'
[0.916s] INFO:colcon.colcon_core.shell:Creating package script '/home/saravanakumar/my_ws/install/my_bot/share/my_bot/package.zsh'
[0.916s] Level 1:colcon.colcon_core.environment:create_file_with_runtime_dependencies(/home/saravanakumar/my_ws/install/my_bot/share/colcon-core/packages/my_bot)
[1.198s] DEBUG:colcon.colcon_core.event_handler.log_command:Invoking command in '/home/saravanakumar/my_ws/build/my_robot_package': PYTHONPATH=/home/saravanakumar/my_ws/build/my_robot_package/prefix_override:/usr/lib/python3/dist-packages/colcon_core/task/python/colcon_distutils_commands:/home/saravanakumar/my_ws/install/my_robot_package/lib/python3.10/site-packages:${PYTHONPATH} /usr/bin/python3 -W ignore:setup.py install is deprecated -W ignore:easy_install command is deprecated setup.py develop --editable --build-directory /home/saravanakumar/my_ws/build/my_robot_package/build --no-deps symlink_data
[1.642s] Level 1:colcon.colcon_core.shell:create_environment_hook('my_robot_package', 'pythonpath_develop')
[1.642s] INFO:colcon.colcon_core.shell:Creating environment hook '/home/saravanakumar/my_ws/build/my_robot_package/share/my_robot_package/hook/pythonpath_develop.ps1'
[1.643s] DEBUG:colcon.colcon_core.event_handler.log_command:Invoked command in '/home/saravanakumar/my_ws/build/my_robot_package' returned '0': PYTHONPATH=/home/saravanakumar/my_ws/build/my_robot_package/prefix_override:/usr/lib/python3/dist-packages/colcon_core/task/python/colcon_distutils_commands:/home/saravanakumar/my_ws/install/my_robot_package/lib/python3.10/site-packages:${PYTHONPATH} /usr/bin/python3 -W ignore:setup.py install is deprecated -W ignore:easy_install command is deprecated setup.py develop --editable --build-directory /home/saravanakumar/my_ws/build/my_robot_package/build --no-deps symlink_data
[1.644s] INFO:colcon.colcon_core.shell:Creating environment descriptor '/home/saravanakumar/my_ws/build/my_robot_package/share/my_robot_package/hook/pythonpath_develop.dsv'
[1.644s] INFO:colcon.colcon_core.shell:Creating environment hook '/home/saravanakumar/my_ws/build/my_robot_package/share/my_robot_package/hook/pythonpath_develop.sh'
[1.644s] Level 1:colcon.colcon_core.environment:checking '/home/saravanakumar/my_ws/install/my_robot_package' for CMake module files
[1.644s] Level 1:colcon.colcon_core.environment:checking '/home/saravanakumar/my_ws/install/my_robot_package' for CMake config files
[1.645s] Level 1:colcon.colcon_core.environment:checking '/home/saravanakumar/my_ws/install/my_robot_package/lib'
[1.645s] Level 1:colcon.colcon_core.environment:checking '/home/saravanakumar/my_ws/install/my_robot_package/bin'
[1.645s] Level 1:colcon.colcon_core.shell:create_environment_hook('my_robot_package', 'path')
[1.645s] INFO:colcon.colcon_core.shell:Creating environment hook '/home/saravanakumar/my_ws/install/my_robot_package/share/my_robot_package/hook/path.ps1'
[1.646s] INFO:colcon.colcon_core.shell:Creating environment descriptor '/home/saravanakumar/my_ws/install/my_robot_package/share/my_robot_package/hook/path.dsv'
[1.646s] INFO:colcon.colcon_core.shell:Creating environment hook '/home/saravanakumar/my_ws/install/my_robot_package/share/my_robot_package/hook/path.sh'
[1.646s] Level 1:colcon.colcon_core.environment:checking '/home/saravanakumar/my_ws/install/my_robot_package/lib/pkgconfig/my_robot_package.pc'
[1.646s] Level 1:colcon.colcon_core.environment:checking '/home/saravanakumar/my_ws/install/my_robot_package/lib/python3.10/site-packages'
[1.646s] Level 1:colcon.colcon_core.shell:create_environment_hook('my_robot_package', 'pythonpath')
[1.646s] INFO:colcon.colcon_core.shell:Creating environment hook '/home/saravanakumar/my_ws/install/my_robot_package/share/my_robot_package/hook/pythonpath.ps1'
[1.647s] INFO:colcon.colcon_core.shell:Creating environment descriptor '/home/saravanakumar/my_ws/install/my_robot_package/share/my_robot_package/hook/pythonpath.dsv'
[1.647s] INFO:colcon.colcon_core.shell:Creating environment hook '/home/saravanakumar/my_ws/install/my_robot_package/share/my_robot_package/hook/pythonpath.sh'
[1.647s] Level 1:colcon.colcon_core.environment:checking '/home/saravanakumar/my_ws/install/my_robot_package/bin'
[1.647s] Level 1:colcon.colcon_core.shell:create_environment_hook('my_robot_package', 'pythonscriptspath')
[1.648s] INFO:colcon.colcon_core.shell:Creating environment hook '/home/saravanakumar/my_ws/install/my_robot_package/share/my_robot_package/hook/pythonscriptspath.ps1'
[1.648s] INFO:colcon.colcon_core.shell:Creating environment descriptor '/home/saravanakumar/my_ws/install/my_robot_package/share/my_robot_package/hook/pythonscriptspath.dsv'
[1.648s] INFO:colcon.colcon_core.shell:Creating environment hook '/home/saravanakumar/my_ws/install/my_robot_package/share/my_robot_package/hook/pythonscriptspath.sh'
[1.648s] Level 1:colcon.colcon_core.environment:create_environment_scripts_only(my_robot_package)
[1.649s] INFO:colcon.colcon_core.shell:Creating package script '/home/saravanakumar/my_ws/install/my_robot_package/share/my_robot_package/package.ps1'
[1.649s] INFO:colcon.colcon_core.shell:Creating package descriptor '/home/saravanakumar/my_ws/install/my_robot_package/share/my_robot_package/package.dsv'
[1.649s] INFO:colcon.colcon_core.shell:Creating package script '/home/saravanakumar/my_ws/install/my_robot_package/share/my_robot_package/package.sh'
[1.650s] INFO:colcon.colcon_core.shell:Creating package script '/home/saravanakumar/my_ws/install/my_robot_package/share/my_robot_package/package.bash'
[1.650s] INFO:colcon.colcon_core.shell:Creating package script '/home/saravanakumar/my_ws/install/my_robot_package/share/my_robot_package/package.zsh'
[1.650s] Level 1:colcon.colcon_core.environment:create_file_with_runtime_dependencies(/home/saravanakumar/my_ws/install/my_robot_package/share/colcon-core/packages/my_robot_package)
[1.650s] DEBUG:colcon.colcon_parallel_executor.executor.parallel:closing loop
[1.650s] DEBUG:colcon.colcon_parallel_executor.executor.parallel:loop closed
[1.650s] DEBUG:colcon.colcon_parallel_executor.executor.parallel:run_until_complete finished with '0'
[1.651s] DEBUG:colcon.colcon_core.event_reactor:joining thread
[1.657s] INFO:colcon.colcon_core.plugin_system:Skipping extension 'colcon_notification.desktop_notification.terminal_notifier': Not used on non-Darwin systems
[1.657s] INFO:colcon.colcon_core.plugin_system:Skipping extension 'colcon_notification.desktop_notification.win32': Not used on non-Windows systems
[1.657s] INFO:colcon.colcon_notification.desktop_notification:Sending desktop notification using 'notify2'
[1.667s] DEBUG:colcon.colcon_core.event_reactor:joined thread
[1.667s] INFO:colcon.colcon_core.shell:Creating prefix script '/home/saravanakumar/my_ws/install/local_setup.ps1'
[1.668s] INFO:colcon.colcon_core.shell:Creating prefix util module '/home/saravanakumar/my_ws/install/_local_setup_util_ps1.py'
[1.669s] INFO:colcon.colcon_core.shell:Creating prefix chain script '/home/saravanakumar/my_ws/install/setup.ps1'
[1.670s] INFO:colcon.colcon_core.shell:Creating prefix script '/home/saravanakumar/my_ws/install/local_setup.sh'
[1.670s] INFO:colcon.colcon_core.shell:Creating prefix util module '/home/saravanakumar/my_ws/install/_local_setup_util_sh.py'
[1.671s] INFO:colcon.colcon_core.shell:Creating prefix chain script '/home/saravanakumar/my_ws/install/setup.sh'
[1.672s] INFO:colcon.colcon_core.shell:Creating prefix script '/home/saravanakumar/my_ws/install/local_setup.bash'
[1.672s] INFO:colcon.colcon_core.shell:Creating prefix chain script '/home/saravanakumar/my_ws/install/setup.bash'
[1.673s] INFO:colcon.colcon_core.shell:Creating prefix script '/home/saravanakumar/my_ws/install/local_setup.zsh'
[1.674s] INFO:colcon.colcon_core.shell:Creating prefix chain script '/home/saravanakumar/my_ws/install/setup.zsh'
