[0.010s] Invoking command in '/home/saravanakumar/my_ws/build/my_bot': CMAKE_PREFIX_PATH=${CMAKE_PREFIX_PATH}:/opt/ros/humble /usr/bin/cmake /home/saravanakumar/my_ws/src/my_bot -DAMENT_CMAKE_SYMLINK_INSTALL=1 -DCMAKE_INSTALL_PREFIX=/home/saravanakumar/my_ws/install/my_bot
[0.061s] -- The C compiler identification is GNU 11.4.0
[0.112s] -- The CXX compiler identification is GNU 11.4.0
[0.120s] -- Detecting C compiler ABI info
[0.192s] -- Detecting C compiler ABI info - done
[0.197s] -- Check for working C compiler: /usr/bin/cc - skipped
[0.197s] -- Detecting C compile features
[0.197s] -- Detecting C compile features - done
[0.200s] -- Detecting CXX compiler ABI info
[0.281s] -- Detecting CXX compiler ABI info - done
[0.286s] -- Check for working CXX compiler: /usr/bin/c++ - skipped
[0.287s] -- Detecting CXX compile features
[0.287s] -- Detecting CXX compile features - done
[0.290s] -- Found ament_cmake: 1.3.12 (/opt/ros/humble/share/ament_cmake/cmake)
[0.420s] -- Found Python3: /usr/bin/python3 (found version "3.10.12") found components: Interpreter 
[0.473s] -- Override CMake install command with custom implementation using symlinks instead of copying resources
[0.506s] -- Found ament_lint_auto: 0.12.14 (/opt/ros/humble/share/ament_lint_auto/cmake)
[0.577s] -- Added test 'copyright' to check source files copyright and LICENSE
[0.592s] -- Added test 'flake8' to check Python code syntax and style conventions
[0.594s] -- Added test 'lint_cmake' to check CMake code style
[0.595s] -- Added test 'pep257' to check Python code against some of the docstring style conventions in PEP 257
[0.603s] -- Added test 'xmllint' to check XML markup files
[0.604s] -- Configuring done
[0.607s] -- Generating done
[0.608s] -- Build files have been written to: /home/saravanakumar/my_ws/build/my_bot
[0.614s] Invoked command in '/home/saravanakumar/my_ws/build/my_bot' returned '0': CMAKE_PREFIX_PATH=${CMAKE_PREFIX_PATH}:/opt/ros/humble /usr/bin/cmake /home/saravanakumar/my_ws/src/my_bot -DAMENT_CMAKE_SYMLINK_INSTALL=1 -DCMAKE_INSTALL_PREFIX=/home/saravanakumar/my_ws/install/my_bot
[0.616s] Invoking command in '/home/saravanakumar/my_ws/build/my_bot': CMAKE_PREFIX_PATH=${CMAKE_PREFIX_PATH}:/opt/ros/humble /usr/bin/cmake --build /home/saravanakumar/my_ws/build/my_bot -- -j16 -l16
[0.657s] Invoked command in '/home/saravanakumar/my_ws/build/my_bot' returned '0': CMAKE_PREFIX_PATH=${CMAKE_PREFIX_PATH}:/opt/ros/humble /usr/bin/cmake --build /home/saravanakumar/my_ws/build/my_bot -- -j16 -l16
[0.666s] Invoking command in '/home/saravanakumar/my_ws/build/my_bot': CMAKE_PREFIX_PATH=${CMAKE_PREFIX_PATH}:/opt/ros/humble /usr/bin/cmake --install /home/saravanakumar/my_ws/build/my_bot
[0.674s] -- Install configuration: ""
[0.675s] -- Execute custom install script
[0.675s] -- Symlinking: /home/saravanakumar/my_ws/install/my_bot/share/my_bot/config/empty.yaml
[0.685s] -- Symlinking: /home/saravanakumar/my_ws/install/my_bot/share/my_bot/config/mapper_params_online_async.yaml
[0.694s] -- Symlinking: /home/saravanakumar/my_ws/install/my_bot/share/my_bot/config/my_controllers.yaml
[0.702s] -- Symlinking: /home/saravanakumar/my_ws/install/my_bot/share/my_bot/config/nav2_params.yaml
[0.712s] -- Symlinking: /home/saravanakumar/my_ws/install/my_bot/share/my_bot/config/twist_mux.yaml
[0.721s] -- Symlinking: /home/saravanakumar/my_ws/install/my_bot/share/my_bot/config/view_bot.rviz
[0.731s] -- Symlinking: /home/saravanakumar/my_ws/install/my_bot/share/my_bot/description/camera.xacro
[0.742s] -- Symlinking: /home/saravanakumar/my_ws/install/my_bot/share/my_bot/description/depth_camera.xacro
[0.752s] -- Symlinking: /home/saravanakumar/my_ws/install/my_bot/share/my_bot/description/gazebo_control.xacro
[0.761s] -- Symlinking: /home/saravanakumar/my_ws/install/my_bot/share/my_bot/description/inertial_macros.xacro
[0.771s] -- Symlinking: /home/saravanakumar/my_ws/install/my_bot/share/my_bot/description/lidar.xacro
[0.781s] -- Symlinking: /home/saravanakumar/my_ws/install/my_bot/share/my_bot/description/robot.urdf.xacro
[0.791s] -- Symlinking: /home/saravanakumar/my_ws/install/my_bot/share/my_bot/description/robot_core.xacro
[0.800s] -- Symlinking: /home/saravanakumar/my_ws/install/my_bot/share/my_bot/description/ros2_control.xacro
[0.810s] -- Symlinking: /home/saravanakumar/my_ws/install/my_bot/share/my_bot/launch/launch_sim.launch.py
[0.820s] -- Symlinking: /home/saravanakumar/my_ws/install/my_bot/share/my_bot/launch/rsp.launch.py
[0.831s] -- Symlinking: /home/saravanakumar/my_ws/install/my_bot/share/my_bot/launch/rtabmap_launch.py
[0.841s] -- Symlinking: /home/saravanakumar/my_ws/install/my_bot/share/my_bot/worlds/empty.world
[0.850s] -- Symlinking: /home/saravanakumar/my_ws/install/my_bot/share/my_bot/worlds/obstacles.world
[0.859s] -- Symlinking: /home/saravanakumar/my_ws/install/my_bot/share/my_bot/worlds/obstacles1.world
[0.868s] -- Symlinking: /home/saravanakumar/my_ws/install/my_bot/share/my_bot/worlds/obstacles_2
[0.878s] -- Symlinking: /home/saravanakumar/my_ws/install/my_bot/lib/my_bot/dfs.py
[0.888s] -- Symlinking: /home/saravanakumar/my_ws/install/my_bot/lib/my_bot/bfs.py
[0.897s] -- Symlinking: /home/saravanakumar/my_ws/install/my_bot/lib/my_bot/A*.py
[0.906s] -- Symlinking: /home/saravanakumar/my_ws/install/my_bot/lib/my_bot/bug1.py
[0.914s] -- Symlinking: /home/saravanakumar/my_ws/install/my_bot/lib/my_bot/bug2.py
[0.923s] -- Symlinking: /home/saravanakumar/my_ws/install/my_bot/lib/my_bot/dijkstra.py
[0.935s] -- Symlinking: /home/saravanakumar/my_ws/install/my_bot/share/ament_index/resource_index/package_run_dependencies/my_bot
[0.945s] -- Symlinking: /home/saravanakumar/my_ws/install/my_bot/share/ament_index/resource_index/parent_prefix_path/my_bot
[0.955s] -- Symlinking: /home/saravanakumar/my_ws/install/my_bot/share/my_bot/environment/ament_prefix_path.sh
[0.966s] -- Symlinking: /home/saravanakumar/my_ws/install/my_bot/share/my_bot/environment/ament_prefix_path.dsv
[0.976s] -- Symlinking: /home/saravanakumar/my_ws/install/my_bot/share/my_bot/environment/path.sh
[0.986s] -- Symlinking: /home/saravanakumar/my_ws/install/my_bot/share/my_bot/environment/path.dsv
[0.997s] -- Symlinking: /home/saravanakumar/my_ws/install/my_bot/share/my_bot/local_setup.bash
[1.005s] -- Symlinking: /home/saravanakumar/my_ws/install/my_bot/share/my_bot/local_setup.sh
[1.014s] -- Symlinking: /home/saravanakumar/my_ws/install/my_bot/share/my_bot/local_setup.zsh
[1.025s] -- Symlinking: /home/saravanakumar/my_ws/install/my_bot/share/my_bot/local_setup.dsv
[1.035s] -- Symlinking: /home/saravanakumar/my_ws/install/my_bot/share/my_bot/package.dsv
[1.045s] -- Symlinking: /home/saravanakumar/my_ws/install/my_bot/share/ament_index/resource_index/packages/my_bot
[1.054s] -- Symlinking: /home/saravanakumar/my_ws/install/my_bot/share/my_bot/cmake/my_botConfig.cmake
[1.064s] -- Symlinking: /home/saravanakumar/my_ws/install/my_bot/share/my_bot/cmake/my_botConfig-version.cmake
[1.073s] -- Symlinking: /home/saravanakumar/my_ws/install/my_bot/share/my_bot/package.xml
[1.086s] Invoked command in '/home/saravanakumar/my_ws/build/my_bot' returned '0': CMAKE_PREFIX_PATH=${CMAKE_PREFIX_PATH}:/opt/ros/humble /usr/bin/cmake --install /home/saravanakumar/my_ws/build/my_bot
