[0.751s] Invoking command in '/home/saravanakumar/my_ws/build/my_robot_package': PYTHONPATH=/home/saravanakumar/my_ws/build/my_robot_package/prefix_override:/usr/lib/python3/dist-packages/colcon_core/task/python/colcon_distutils_commands:/home/saravanakumar/my_ws/install/my_robot_package/lib/python3.10/site-packages:${PYTHONPATH} /usr/bin/python3 -W ignore:setup.py install is deprecated -W ignore:easy_install command is deprecated setup.py develop --editable --build-directory /home/saravanakumar/my_ws/build/my_robot_package/build --no-deps symlink_data
[1.008s] running develop
[1.171s] running egg_info
[1.172s] creating my_robot_package.egg-info
[1.172s] writing my_robot_package.egg-info/PKG-INFO
[1.173s] writing dependency_links to my_robot_package.egg-info/dependency_links.txt
[1.174s] writing entry points to my_robot_package.egg-info/entry_points.txt
[1.174s] writing requirements to my_robot_package.egg-info/requires.txt
[1.175s] writing top-level names to my_robot_package.egg-info/top_level.txt
[1.176s] writing manifest file 'my_robot_package.egg-info/SOURCES.txt'
[1.179s] reading manifest file 'my_robot_package.egg-info/SOURCES.txt'
[1.180s] writing manifest file 'my_robot_package.egg-info/SOURCES.txt'
[1.182s] running build_ext
[1.183s] Creating /home/saravanakumar/my_ws/install/my_robot_package/lib/python3.10/site-packages/my-robot-package.egg-link (link to .)
[1.183s] Installing depth_filter_node script to /home/saravanakumar/my_ws/install/my_robot_package/bin
[1.183s] 
[1.184s] Installed /home/saravanakumar/my_ws/build/my_robot_package
[1.184s] running symlink_data
[1.184s] creating /home/saravanakumar/my_ws/install/my_robot_package/share
[1.184s] error: can't copy '/home/saravanakumar/my_ws/build/my_robot_package/resource/my_robot_package': doesn't exist or not a regular file
[1.184s] creating /home/saravanakumar/my_ws/install/my_robot_package/share/ament_index
[1.184s] creating /home/saravanakumar/my_ws/install/my_robot_package/share/ament_index/resource_index
[1.184s] creating /home/saravanakumar/my_ws/install/my_robot_package/share/ament_index/resource_index/packages
[1.215s] Invoked command in '/home/saravanakumar/my_ws/build/my_robot_package' returned '1': PYTHONPATH=/home/saravanakumar/my_ws/build/my_robot_package/prefix_override:/usr/lib/python3/dist-packages/colcon_core/task/python/colcon_distutils_commands:/home/saravanakumar/my_ws/install/my_robot_package/lib/python3.10/site-packages:${PYTHONPATH} /usr/bin/python3 -W ignore:setup.py install is deprecated -W ignore:easy_install command is deprecated setup.py develop --editable --build-directory /home/saravanakumar/my_ws/build/my_robot_package/build --no-deps symlink_data
