[0.010s] Invoking command in '/home/saravanakumar/my_ws/build/my_bot': CMAKE_PREFIX_PATH=${CMAKE_PREFIX_PATH}:/opt/ros/humble /usr/bin/cmake --build /home/saravanakumar/my_ws/build/my_bot -- -j16 -l16
[0.052s] Invoked command in '/home/saravanakumar/my_ws/build/my_bot' returned '0': CMAKE_PREFIX_PATH=${CMAKE_PREFIX_PATH}:/opt/ros/humble /usr/bin/cmake --build /home/saravanakumar/my_ws/build/my_bot -- -j16 -l16
[0.063s] Invoking command in '/home/saravanakumar/my_ws/build/my_bot': CMAKE_PREFIX_PATH=${CMAKE_PREFIX_PATH}:/opt/ros/humble /usr/bin/cmake --install /home/saravanakumar/my_ws/build/my_bot
[0.072s] -- Install configuration: ""
[0.072s] -- Execute custom install script
[0.072s] -- Up-to-date symlink: /home/saravanakumar/my_ws/install/my_bot/share/my_bot/config/empty.yaml
[0.072s] -- Up-to-date symlink: /home/saravanakumar/my_ws/install/my_bot/share/my_bot/config/mapper_params_online_async.yaml
[0.072s] -- Up-to-date symlink: /home/saravanakumar/my_ws/install/my_bot/share/my_bot/config/my_controllers.yaml
[0.073s] -- Up-to-date symlink: /home/saravanakumar/my_ws/install/my_bot/share/my_bot/config/nav2_params.yaml
[0.073s] -- Up-to-date symlink: /home/saravanakumar/my_ws/install/my_bot/share/my_bot/config/twist_mux.yaml
[0.073s] -- Up-to-date symlink: /home/saravanakumar/my_ws/install/my_bot/share/my_bot/config/view_bot.rviz
[0.073s] -- Up-to-date symlink: /home/saravanakumar/my_ws/install/my_bot/share/my_bot/description/camera.xacro
[0.073s] -- Up-to-date symlink: /home/saravanakumar/my_ws/install/my_bot/share/my_bot/description/depth_camera.xacro
[0.073s] -- Up-to-date symlink: /home/saravanakumar/my_ws/install/my_bot/share/my_bot/description/gazebo_control.xacro
[0.073s] -- Up-to-date symlink: /home/saravanakumar/my_ws/install/my_bot/share/my_bot/description/inertial_macros.xacro
[0.074s] -- Up-to-date symlink: /home/saravanakumar/my_ws/install/my_bot/share/my_bot/description/lidar.xacro
[0.074s] -- Up-to-date symlink: /home/saravanakumar/my_ws/install/my_bot/share/my_bot/description/robot.urdf.xacro
[0.074s] -- Up-to-date symlink: /home/saravanakumar/my_ws/install/my_bot/share/my_bot/description/robot_core.xacro
[0.074s] -- Up-to-date symlink: /home/saravanakumar/my_ws/install/my_bot/share/my_bot/description/ros2_control.xacro
[0.074s] -- Up-to-date symlink: /home/saravanakumar/my_ws/install/my_bot/share/my_bot/launch/launch_sim.launch.py
[0.074s] -- Up-to-date symlink: /home/saravanakumar/my_ws/install/my_bot/share/my_bot/launch/rsp.launch.py
[0.074s] -- Up-to-date symlink: /home/saravanakumar/my_ws/install/my_bot/share/my_bot/launch/rtabmap_launch.py
[0.074s] -- Up-to-date symlink: /home/saravanakumar/my_ws/install/my_bot/share/my_bot/worlds/empty.world
[0.074s] -- Up-to-date symlink: /home/saravanakumar/my_ws/install/my_bot/share/my_bot/worlds/obstacles.world
[0.074s] -- Up-to-date symlink: /home/saravanakumar/my_ws/install/my_bot/share/my_bot/worlds/obstacles1.world
[0.074s] -- Up-to-date symlink: /home/saravanakumar/my_ws/install/my_bot/share/my_bot/worlds/obstacles_2
[0.074s] -- Up-to-date symlink: /home/saravanakumar/my_ws/install/my_bot/lib/my_bot/dfs.py
[0.075s] -- Up-to-date symlink: /home/saravanakumar/my_ws/install/my_bot/lib/my_bot/bfs.py
[0.075s] -- Up-to-date symlink: /home/saravanakumar/my_ws/install/my_bot/lib/my_bot/A*.py
[0.075s] -- Up-to-date symlink: /home/saravanakumar/my_ws/install/my_bot/lib/my_bot/bug1.py
[0.075s] -- Up-to-date symlink: /home/saravanakumar/my_ws/install/my_bot/lib/my_bot/bug2.py
[0.075s] -- Up-to-date symlink: /home/saravanakumar/my_ws/install/my_bot/lib/my_bot/dijkstra.py
[0.075s] -- Up-to-date symlink: /home/saravanakumar/my_ws/install/my_bot/share/ament_index/resource_index/package_run_dependencies/my_bot
[0.075s] -- Up-to-date symlink: /home/saravanakumar/my_ws/install/my_bot/share/ament_index/resource_index/parent_prefix_path/my_bot
[0.075s] -- Up-to-date symlink: /home/saravanakumar/my_ws/install/my_bot/share/my_bot/environment/ament_prefix_path.sh
[0.075s] -- Up-to-date symlink: /home/saravanakumar/my_ws/install/my_bot/share/my_bot/environment/ament_prefix_path.dsv
[0.075s] -- Up-to-date symlink: /home/saravanakumar/my_ws/install/my_bot/share/my_bot/environment/path.sh
[0.075s] -- Up-to-date symlink: /home/saravanakumar/my_ws/install/my_bot/share/my_bot/environment/path.dsv
[0.076s] -- Up-to-date symlink: /home/saravanakumar/my_ws/install/my_bot/share/my_bot/local_setup.bash
[0.076s] -- Up-to-date symlink: /home/saravanakumar/my_ws/install/my_bot/share/my_bot/local_setup.sh
[0.076s] -- Up-to-date symlink: /home/saravanakumar/my_ws/install/my_bot/share/my_bot/local_setup.zsh
[0.076s] -- Up-to-date symlink: /home/saravanakumar/my_ws/install/my_bot/share/my_bot/local_setup.dsv
[0.076s] -- Symlinking: /home/saravanakumar/my_ws/install/my_bot/share/my_bot/package.dsv
[0.086s] -- Up-to-date symlink: /home/saravanakumar/my_ws/install/my_bot/share/ament_index/resource_index/packages/my_bot
[0.086s] -- Up-to-date symlink: /home/saravanakumar/my_ws/install/my_bot/share/my_bot/cmake/my_botConfig.cmake
[0.086s] -- Up-to-date symlink: /home/saravanakumar/my_ws/install/my_bot/share/my_bot/cmake/my_botConfig-version.cmake
[0.087s] -- Up-to-date symlink: /home/saravanakumar/my_ws/install/my_bot/share/my_bot/package.xml
[0.089s] Invoked command in '/home/saravanakumar/my_ws/build/my_bot' returned '0': CMAKE_PREFIX_PATH=${CMAKE_PREFIX_PATH}:/opt/ros/humble /usr/bin/cmake --install /home/saravanakumar/my_ws/build/my_bot
