[0.148s] DEBUG:colcon:Command line arguments: ['/usr/bin/colcon', 'build', '--symlink-install']
[0.149s] DEBUG:colcon:Parsed command line arguments: Namespace(log_base=None, log_level=None, verb_name='build', build_base='build', install_base='install', merge_install=False, symlink_install=True, test_result_base=None, continue_on_error=False, executor='parallel', parallel_workers=16, event_handlers=None, ignore_user_meta=False, metas=['./colcon.meta'], base_paths=['.'], packages_ignore=None, packages_ignore_regex=None, paths=None, packages_up_to=None, packages_up_to_regex=None, packages_above=None, packages_above_and_dependencies=None, packages_above_depth=None, packages_select_by_dep=None, packages_skip_by_dep=None, packages_skip_up_to=None, packages_select_build_failed=False, packages_skip_build_finished=False, packages_select_test_failures=False, packages_skip_test_passed=False, packages_select=None, packages_skip=None, packages_select_regex=None, packages_skip_regex=None, packages_start=None, packages_end=None, allow_overriding=[], cmake_args=None, cmake_target=None, cmake_target_skip_unavailable=False, cmake_clean_cache=False, cmake_clean_first=False, cmake_force_configure=False, ament_cmake_args=None, catkin_cmake_args=None, catkin_skip_building_tests=False, mixin_files=None, mixin=None, verb_parser=<colcon_mixin.mixin.mixin_argument.MixinArgumentDecorator object at 0x7730fe26f4c0>, verb_extension=<colcon_core.verb.build.BuildVerb object at 0x7730fe26ef50>, main=<bound method BuildVerb.main of <colcon_core.verb.build.BuildVerb object at 0x7730fe26ef50>>, mixin_verb=('build',))
[0.387s] Level 1:colcon.colcon_core.package_discovery:discover_packages(colcon_meta) check parameters
[0.387s] Level 1:colcon.colcon_core.package_discovery:discover_packages(recursive) check parameters
[0.387s] Level 1:colcon.colcon_core.package_discovery:discover_packages(ignore) check parameters
[0.387s] Level 1:colcon.colcon_core.package_discovery:discover_packages(path) check parameters
[0.387s] Level 1:colcon.colcon_core.package_discovery:discover_packages(colcon_meta) discover
[0.387s] Level 1:colcon.colcon_core.package_discovery:discover_packages(recursive) discover
[0.387s] INFO:colcon.colcon_core.package_discovery:Crawling recursively for packages in '/home/saravanakumar/my_ws/src'
[0.387s] Level 1:colcon.colcon_core.package_identification:_identify(.) by extensions ['ignore', 'ignore_ament_install']
[0.387s] Level 1:colcon.colcon_core.package_identification:_identify(.) by extension 'ignore'
[0.387s] Level 1:colcon.colcon_core.package_identification:_identify(.) by extension 'ignore_ament_install'
[0.396s] Level 1:colcon.colcon_core.package_identification:_identify(.) by extensions ['colcon_pkg']
[0.396s] Level 1:colcon.colcon_core.package_identification:_identify(.) by extension 'colcon_pkg'
[0.396s] Level 1:colcon.colcon_core.package_identification:_identify(.) by extensions ['colcon_meta']
[0.396s] Level 1:colcon.colcon_core.package_identification:_identify(.) by extension 'colcon_meta'
[0.396s] Level 1:colcon.colcon_core.package_identification:_identify(.) by extensions ['ros']
[0.396s] Level 1:colcon.colcon_core.package_identification:_identify(.) by extension 'ros'
[0.411s] Level 1:colcon.colcon_core.package_identification:_identify(.) by extensions ['cmake', 'python']
[0.411s] Level 1:colcon.colcon_core.package_identification:_identify(.) by extension 'cmake'
[0.411s] Level 1:colcon.colcon_core.package_identification:_identify(.) by extension 'python'
[0.411s] Level 1:colcon.colcon_core.package_identification:_identify(.) by extensions ['python_setup_py']
[0.411s] Level 1:colcon.colcon_core.package_identification:_identify(.) by extension 'python_setup_py'
[0.411s] Level 1:colcon.colcon_core.package_identification:_identify(build) by extensions ['ignore', 'ignore_ament_install']
[0.412s] Level 1:colcon.colcon_core.package_identification:_identify(build) by extension 'ignore'
[0.412s] Level 1:colcon.colcon_core.package_identification:_identify(build) ignored
[0.412s] Level 1:colcon.colcon_core.package_identification:_identify(install) by extensions ['ignore', 'ignore_ament_install']
[0.412s] Level 1:colcon.colcon_core.package_identification:_identify(install) by extension 'ignore'
[0.412s] Level 1:colcon.colcon_core.package_identification:_identify(install) ignored
[0.412s] Level 1:colcon.colcon_core.package_identification:_identify(log) by extensions ['ignore', 'ignore_ament_install']
[0.412s] Level 1:colcon.colcon_core.package_identification:_identify(log) by extension 'ignore'
[0.412s] Level 1:colcon.colcon_core.package_identification:_identify(log) ignored
[0.413s] Level 1:colcon.colcon_core.package_identification:_identify(my_bot) by extensions ['ignore', 'ignore_ament_install']
[0.413s] Level 1:colcon.colcon_core.package_identification:_identify(my_bot) by extension 'ignore'
[0.413s] Level 1:colcon.colcon_core.package_identification:_identify(my_bot) by extension 'ignore_ament_install'
[0.413s] Level 1:colcon.colcon_core.package_identification:_identify(my_bot) by extensions ['colcon_pkg']
[0.413s] Level 1:colcon.colcon_core.package_identification:_identify(my_bot) by extension 'colcon_pkg'
[0.413s] Level 1:colcon.colcon_core.package_identification:_identify(my_bot) by extensions ['colcon_meta']
[0.413s] Level 1:colcon.colcon_core.package_identification:_identify(my_bot) by extension 'colcon_meta'
[0.413s] Level 1:colcon.colcon_core.package_identification:_identify(my_bot) by extensions ['ros']
[0.413s] Level 1:colcon.colcon_core.package_identification:_identify(my_bot) by extension 'ros'
[0.416s] DEBUG:colcon.colcon_core.package_identification:Package 'my_bot' with type 'ros.ament_cmake' and name 'my_bot'
[0.416s] Level 1:colcon.colcon_core.package_identification:_identify(my_robot_package) by extensions ['ignore', 'ignore_ament_install']
[0.416s] Level 1:colcon.colcon_core.package_identification:_identify(my_robot_package) by extension 'ignore'
[0.417s] Level 1:colcon.colcon_core.package_identification:_identify(my_robot_package) by extension 'ignore_ament_install'
[0.417s] Level 1:colcon.colcon_core.package_identification:_identify(my_robot_package) by extensions ['colcon_pkg']
[0.417s] Level 1:colcon.colcon_core.package_identification:_identify(my_robot_package) by extension 'colcon_pkg'
[0.417s] Level 1:colcon.colcon_core.package_identification:_identify(my_robot_package) by extensions ['colcon_meta']
[0.417s] Level 1:colcon.colcon_core.package_identification:_identify(my_robot_package) by extension 'colcon_meta'
[0.417s] Level 1:colcon.colcon_core.package_identification:_identify(my_robot_package) by extensions ['ros']
[0.417s] Level 1:colcon.colcon_core.package_identification:_identify(my_robot_package) by extension 'ros'
[0.417s] DEBUG:colcon.colcon_core.package_identification:Failed to parse potential ROS package manifest in'my_robot_package': Error(s) in package 'my_robot_package/package.xml':
The manifest contains invalid XML:
junk after document element: line 2, column 0
[0.417s] Level 1:colcon.colcon_core.package_identification:_identify(my_robot_package) by extensions ['cmake', 'python']
[0.417s] Level 1:colcon.colcon_core.package_identification:_identify(my_robot_package) by extension 'cmake'
[0.417s] Level 1:colcon.colcon_core.package_identification:_identify(my_robot_package) by extension 'python'
[0.417s] Level 1:colcon.colcon_core.package_identification:_identify(my_robot_package) by extensions ['python_setup_py']
[0.417s] Level 1:colcon.colcon_core.package_identification:_identify(my_robot_package) by extension 'python_setup_py'
[0.795s] DEBUG:colcon.colcon_core.package_identification:Package 'my_robot_package' with type 'python' and name 'my_robot_package'
[0.795s] Level 1:colcon.colcon_core.package_discovery:discover_packages(recursive) using defaults
[0.795s] Level 1:colcon.colcon_core.package_discovery:discover_packages(ignore) discover
[0.795s] Level 1:colcon.colcon_core.package_discovery:discover_packages(ignore) using defaults
[0.795s] Level 1:colcon.colcon_core.package_discovery:discover_packages(path) discover
[0.795s] Level 1:colcon.colcon_core.package_discovery:discover_packages(path) using defaults
[0.819s] Level 1:colcon.colcon_core.package_discovery:discover_packages(prefix_path) check parameters
[0.819s] Level 1:colcon.colcon_core.package_discovery:discover_packages(prefix_path) discover
[0.821s] DEBUG:colcon.colcon_installed_package_information.package_discovery:Found 2 installed packages in /home/saravanakumar/my_ws/install
[0.824s] DEBUG:colcon.colcon_installed_package_information.package_discovery:Found 504 installed packages in /opt/ros/humble
[0.827s] Level 1:colcon.colcon_core.package_discovery:discover_packages(prefix_path) using defaults
[0.905s] Level 5:colcon.colcon_core.verb:set package 'my_bot' build argument 'cmake_args' from command line to 'None'
[0.905s] Level 5:colcon.colcon_core.verb:set package 'my_bot' build argument 'cmake_target' from command line to 'None'
[0.905s] Level 5:colcon.colcon_core.verb:set package 'my_bot' build argument 'cmake_target_skip_unavailable' from command line to 'False'
[0.905s] Level 5:colcon.colcon_core.verb:set package 'my_bot' build argument 'cmake_clean_cache' from command line to 'False'
[0.905s] Level 5:colcon.colcon_core.verb:set package 'my_bot' build argument 'cmake_clean_first' from command line to 'False'
[0.905s] Level 5:colcon.colcon_core.verb:set package 'my_bot' build argument 'cmake_force_configure' from command line to 'False'
[0.905s] Level 5:colcon.colcon_core.verb:set package 'my_bot' build argument 'ament_cmake_args' from command line to 'None'
[0.905s] Level 5:colcon.colcon_core.verb:set package 'my_bot' build argument 'catkin_cmake_args' from command line to 'None'
[0.905s] Level 5:colcon.colcon_core.verb:set package 'my_bot' build argument 'catkin_skip_building_tests' from command line to 'False'
[0.905s] DEBUG:colcon.colcon_core.verb:Building package 'my_bot' with the following arguments: {'ament_cmake_args': None, 'build_base': '/home/saravanakumar/my_ws/src/build/my_bot', 'catkin_cmake_args': None, 'catkin_skip_building_tests': False, 'cmake_args': None, 'cmake_clean_cache': False, 'cmake_clean_first': False, 'cmake_force_configure': False, 'cmake_target': None, 'cmake_target_skip_unavailable': False, 'install_base': '/home/saravanakumar/my_ws/src/install/my_bot', 'merge_install': False, 'path': '/home/saravanakumar/my_ws/src/my_bot', 'symlink_install': True, 'test_result_base': None}
[0.905s] Level 5:colcon.colcon_core.verb:set package 'my_robot_package' build argument 'cmake_args' from command line to 'None'
[0.905s] Level 5:colcon.colcon_core.verb:set package 'my_robot_package' build argument 'cmake_target' from command line to 'None'
[0.906s] Level 5:colcon.colcon_core.verb:set package 'my_robot_package' build argument 'cmake_target_skip_unavailable' from command line to 'False'
[0.906s] Level 5:colcon.colcon_core.verb:set package 'my_robot_package' build argument 'cmake_clean_cache' from command line to 'False'
[0.906s] Level 5:colcon.colcon_core.verb:set package 'my_robot_package' build argument 'cmake_clean_first' from command line to 'False'
[0.906s] Level 5:colcon.colcon_core.verb:set package 'my_robot_package' build argument 'cmake_force_configure' from command line to 'False'
[0.906s] Level 5:colcon.colcon_core.verb:set package 'my_robot_package' build argument 'ament_cmake_args' from command line to 'None'
[0.906s] Level 5:colcon.colcon_core.verb:set package 'my_robot_package' build argument 'catkin_cmake_args' from command line to 'None'
[0.906s] Level 5:colcon.colcon_core.verb:set package 'my_robot_package' build argument 'catkin_skip_building_tests' from command line to 'False'
[0.906s] DEBUG:colcon.colcon_core.verb:Building package 'my_robot_package' with the following arguments: {'ament_cmake_args': None, 'build_base': '/home/saravanakumar/my_ws/src/build/my_robot_package', 'catkin_cmake_args': None, 'catkin_skip_building_tests': False, 'cmake_args': None, 'cmake_clean_cache': False, 'cmake_clean_first': False, 'cmake_force_configure': False, 'cmake_target': None, 'cmake_target_skip_unavailable': False, 'install_base': '/home/saravanakumar/my_ws/src/install/my_robot_package', 'merge_install': False, 'path': '/home/saravanakumar/my_ws/src/my_robot_package', 'symlink_install': True, 'test_result_base': None}
[0.906s] INFO:colcon.colcon_core.executor:Executing jobs using 'parallel' executor
[0.907s] DEBUG:colcon.colcon_parallel_executor.executor.parallel:run_until_complete
[0.907s] INFO:colcon.colcon_ros.task.ament_cmake.build:Building ROS package in '/home/saravanakumar/my_ws/src/my_bot' with build type 'ament_cmake'
[0.907s] INFO:colcon.colcon_cmake.task.cmake.build:Building CMake package in '/home/saravanakumar/my_ws/src/my_bot'
[0.910s] INFO:colcon.colcon_core.plugin_system:Skipping extension 'colcon_core.shell.bat': Not used on non-Windows systems
[0.910s] INFO:colcon.colcon_core.shell:Skip shell extension 'powershell' for command environment: Not usable outside of PowerShell
[0.910s] DEBUG:colcon.colcon_core.shell:Skip shell extension 'dsv' for command environment
[0.916s] INFO:colcon.colcon_core.task.python.build:Building Python package in '/home/saravanakumar/my_ws/src/my_robot_package'
[0.916s] INFO:colcon.colcon_core.shell:Skip shell extension 'powershell' for command environment: Not usable outside of PowerShell
[0.916s] DEBUG:colcon.colcon_core.shell:Skip shell extension 'dsv' for command environment
[0.929s] DEBUG:colcon.colcon_core.event_handler.log_command:Invoking command in '/home/saravanakumar/my_ws/src/build/my_bot': CMAKE_PREFIX_PATH=${CMAKE_PREFIX_PATH}:/opt/ros/humble /usr/bin/cmake --build /home/saravanakumar/my_ws/src/build/my_bot -- -j16 -l16
[1.196s] DEBUG:colcon.colcon_core.event_handler.log_command:Invoked command in '/home/saravanakumar/my_ws/src/build/my_bot' returned '0': CMAKE_PREFIX_PATH=${CMAKE_PREFIX_PATH}:/opt/ros/humble /usr/bin/cmake --build /home/saravanakumar/my_ws/src/build/my_bot -- -j16 -l16
[1.207s] DEBUG:colcon.colcon_core.event_handler.log_command:Invoking command in '/home/saravanakumar/my_ws/src/build/my_bot': CMAKE_PREFIX_PATH=${CMAKE_PREFIX_PATH}:/opt/ros/humble /usr/bin/cmake --install /home/saravanakumar/my_ws/src/build/my_bot
[1.229s] Level 1:colcon.colcon_core.environment:create_environment_scripts_only(my_bot)
[1.229s] DEBUG:colcon.colcon_core.event_handler.log_command:Invoked command in '/home/saravanakumar/my_ws/src/build/my_bot' returned '0': CMAKE_PREFIX_PATH=${CMAKE_PREFIX_PATH}:/opt/ros/humble /usr/bin/cmake --install /home/saravanakumar/my_ws/src/build/my_bot
[1.232s] Level 1:colcon.colcon_core.environment:checking '/home/saravanakumar/my_ws/src/install/my_bot' for CMake module files
[1.232s] Level 1:colcon.colcon_core.environment:checking '/home/saravanakumar/my_ws/src/install/my_bot' for CMake config files
[1.233s] Level 1:colcon.colcon_core.shell:create_environment_hook('my_bot', 'cmake_prefix_path')
[1.233s] INFO:colcon.colcon_core.shell:Creating environment hook '/home/saravanakumar/my_ws/src/install/my_bot/share/my_bot/hook/cmake_prefix_path.ps1'
[1.234s] INFO:colcon.colcon_core.shell:Creating environment descriptor '/home/saravanakumar/my_ws/src/install/my_bot/share/my_bot/hook/cmake_prefix_path.dsv'
[1.235s] INFO:colcon.colcon_core.shell:Creating environment hook '/home/saravanakumar/my_ws/src/install/my_bot/share/my_bot/hook/cmake_prefix_path.sh'
[1.236s] Level 1:colcon.colcon_core.environment:checking '/home/saravanakumar/my_ws/src/install/my_bot/lib'
[1.237s] Level 1:colcon.colcon_core.environment:checking '/home/saravanakumar/my_ws/src/install/my_bot/bin'
[1.237s] Level 1:colcon.colcon_core.environment:checking '/home/saravanakumar/my_ws/src/install/my_bot/lib/pkgconfig/my_bot.pc'
[1.237s] Level 1:colcon.colcon_core.environment:checking '/home/saravanakumar/my_ws/src/install/my_bot/lib/python3.10/site-packages'
[1.237s] Level 1:colcon.colcon_core.environment:checking '/home/saravanakumar/my_ws/src/install/my_bot/bin'
[1.238s] INFO:colcon.colcon_core.shell:Creating package script '/home/saravanakumar/my_ws/src/install/my_bot/share/my_bot/package.ps1'
[1.238s] INFO:colcon.colcon_core.shell:Creating package descriptor '/home/saravanakumar/my_ws/src/install/my_bot/share/my_bot/package.dsv'
[1.239s] INFO:colcon.colcon_core.shell:Creating package script '/home/saravanakumar/my_ws/src/install/my_bot/share/my_bot/package.sh'
[1.240s] INFO:colcon.colcon_core.shell:Creating package script '/home/saravanakumar/my_ws/src/install/my_bot/share/my_bot/package.bash'
[1.240s] INFO:colcon.colcon_core.shell:Creating package script '/home/saravanakumar/my_ws/src/install/my_bot/share/my_bot/package.zsh'
[1.241s] Level 1:colcon.colcon_core.environment:create_file_with_runtime_dependencies(/home/saravanakumar/my_ws/src/install/my_bot/share/colcon-core/packages/my_bot)
[1.241s] Level 1:colcon.colcon_core.environment:create_environment_scripts_only(my_bot)
[1.241s] Level 1:colcon.colcon_core.environment:checking '/home/saravanakumar/my_ws/src/install/my_bot' for CMake module files
[1.242s] Level 1:colcon.colcon_core.environment:checking '/home/saravanakumar/my_ws/src/install/my_bot' for CMake config files
[1.242s] Level 1:colcon.colcon_core.shell:create_environment_hook('my_bot', 'cmake_prefix_path')
[1.242s] INFO:colcon.colcon_core.shell:Creating environment hook '/home/saravanakumar/my_ws/src/install/my_bot/share/my_bot/hook/cmake_prefix_path.ps1'
[1.243s] INFO:colcon.colcon_core.shell:Creating environment descriptor '/home/saravanakumar/my_ws/src/install/my_bot/share/my_bot/hook/cmake_prefix_path.dsv'
[1.243s] INFO:colcon.colcon_core.shell:Creating environment hook '/home/saravanakumar/my_ws/src/install/my_bot/share/my_bot/hook/cmake_prefix_path.sh'
[1.243s] Level 1:colcon.colcon_core.environment:checking '/home/saravanakumar/my_ws/src/install/my_bot/lib'
[1.244s] Level 1:colcon.colcon_core.environment:checking '/home/saravanakumar/my_ws/src/install/my_bot/bin'
[1.244s] Level 1:colcon.colcon_core.environment:checking '/home/saravanakumar/my_ws/src/install/my_bot/lib/pkgconfig/my_bot.pc'
[1.244s] Level 1:colcon.colcon_core.environment:checking '/home/saravanakumar/my_ws/src/install/my_bot/lib/python3.10/site-packages'
[1.244s] Level 1:colcon.colcon_core.environment:checking '/home/saravanakumar/my_ws/src/install/my_bot/bin'
[1.244s] INFO:colcon.colcon_core.shell:Creating package script '/home/saravanakumar/my_ws/src/install/my_bot/share/my_bot/package.ps1'
[1.245s] INFO:colcon.colcon_core.shell:Creating package descriptor '/home/saravanakumar/my_ws/src/install/my_bot/share/my_bot/package.dsv'
[1.245s] INFO:colcon.colcon_core.shell:Creating package script '/home/saravanakumar/my_ws/src/install/my_bot/share/my_bot/package.sh'
[1.246s] INFO:colcon.colcon_core.shell:Creating package script '/home/saravanakumar/my_ws/src/install/my_bot/share/my_bot/package.bash'
[1.247s] INFO:colcon.colcon_core.shell:Creating package script '/home/saravanakumar/my_ws/src/install/my_bot/share/my_bot/package.zsh'
[1.247s] Level 1:colcon.colcon_core.environment:create_file_with_runtime_dependencies(/home/saravanakumar/my_ws/src/install/my_bot/share/colcon-core/packages/my_bot)
[1.533s] DEBUG:colcon.colcon_core.event_handler.log_command:Invoking command in '/home/saravanakumar/my_ws/src/build/my_robot_package': PYTHONPATH=/home/saravanakumar/my_ws/src/build/my_robot_package/prefix_override:/usr/lib/python3/dist-packages/colcon_core/task/python/colcon_distutils_commands:/home/saravanakumar/my_ws/src/install/my_robot_package/lib/python3.10/site-packages:${PYTHONPATH} /usr/bin/python3 -W ignore:setup.py install is deprecated -W ignore:easy_install command is deprecated setup.py develop --editable --build-directory /home/saravanakumar/my_ws/src/build/my_robot_package/build --no-deps symlink_data
[1.990s] Level 1:colcon.colcon_core.shell:create_environment_hook('my_robot_package', 'pythonpath_develop')
[1.990s] INFO:colcon.colcon_core.shell:Creating environment hook '/home/saravanakumar/my_ws/src/build/my_robot_package/share/my_robot_package/hook/pythonpath_develop.ps1'
[1.991s] DEBUG:colcon.colcon_core.event_handler.log_command:Invoked command in '/home/saravanakumar/my_ws/src/build/my_robot_package' returned '0': PYTHONPATH=/home/saravanakumar/my_ws/src/build/my_robot_package/prefix_override:/usr/lib/python3/dist-packages/colcon_core/task/python/colcon_distutils_commands:/home/saravanakumar/my_ws/src/install/my_robot_package/lib/python3.10/site-packages:${PYTHONPATH} /usr/bin/python3 -W ignore:setup.py install is deprecated -W ignore:easy_install command is deprecated setup.py develop --editable --build-directory /home/saravanakumar/my_ws/src/build/my_robot_package/build --no-deps symlink_data
[1.991s] INFO:colcon.colcon_core.shell:Creating environment descriptor '/home/saravanakumar/my_ws/src/build/my_robot_package/share/my_robot_package/hook/pythonpath_develop.dsv'
[1.991s] INFO:colcon.colcon_core.shell:Creating environment hook '/home/saravanakumar/my_ws/src/build/my_robot_package/share/my_robot_package/hook/pythonpath_develop.sh'
[1.992s] Level 1:colcon.colcon_core.environment:checking '/home/saravanakumar/my_ws/src/install/my_robot_package' for CMake module files
[1.992s] Level 1:colcon.colcon_core.environment:checking '/home/saravanakumar/my_ws/src/install/my_robot_package' for CMake config files
[1.992s] Level 1:colcon.colcon_core.environment:checking '/home/saravanakumar/my_ws/src/install/my_robot_package/lib'
[1.992s] Level 1:colcon.colcon_core.environment:checking '/home/saravanakumar/my_ws/src/install/my_robot_package/bin'
[1.992s] Level 1:colcon.colcon_core.shell:create_environment_hook('my_robot_package', 'path')
[1.992s] INFO:colcon.colcon_core.shell:Creating environment hook '/home/saravanakumar/my_ws/src/install/my_robot_package/share/my_robot_package/hook/path.ps1'
[1.993s] INFO:colcon.colcon_core.shell:Creating environment descriptor '/home/saravanakumar/my_ws/src/install/my_robot_package/share/my_robot_package/hook/path.dsv'
[1.993s] INFO:colcon.colcon_core.shell:Creating environment hook '/home/saravanakumar/my_ws/src/install/my_robot_package/share/my_robot_package/hook/path.sh'
[1.993s] Level 1:colcon.colcon_core.environment:checking '/home/saravanakumar/my_ws/src/install/my_robot_package/lib/pkgconfig/my_robot_package.pc'
[1.993s] Level 1:colcon.colcon_core.environment:checking '/home/saravanakumar/my_ws/src/install/my_robot_package/lib/python3.10/site-packages'
[1.993s] Level 1:colcon.colcon_core.shell:create_environment_hook('my_robot_package', 'pythonpath')
[1.994s] INFO:colcon.colcon_core.shell:Creating environment hook '/home/saravanakumar/my_ws/src/install/my_robot_package/share/my_robot_package/hook/pythonpath.ps1'
[1.994s] INFO:colcon.colcon_core.shell:Creating environment descriptor '/home/saravanakumar/my_ws/src/install/my_robot_package/share/my_robot_package/hook/pythonpath.dsv'
[1.994s] INFO:colcon.colcon_core.shell:Creating environment hook '/home/saravanakumar/my_ws/src/install/my_robot_package/share/my_robot_package/hook/pythonpath.sh'
[1.995s] Level 1:colcon.colcon_core.environment:checking '/home/saravanakumar/my_ws/src/install/my_robot_package/bin'
[1.995s] Level 1:colcon.colcon_core.shell:create_environment_hook('my_robot_package', 'pythonscriptspath')
[1.995s] INFO:colcon.colcon_core.shell:Creating environment hook '/home/saravanakumar/my_ws/src/install/my_robot_package/share/my_robot_package/hook/pythonscriptspath.ps1'
[1.995s] INFO:colcon.colcon_core.shell:Creating environment descriptor '/home/saravanakumar/my_ws/src/install/my_robot_package/share/my_robot_package/hook/pythonscriptspath.dsv'
[1.995s] INFO:colcon.colcon_core.shell:Creating environment hook '/home/saravanakumar/my_ws/src/install/my_robot_package/share/my_robot_package/hook/pythonscriptspath.sh'
[1.996s] Level 1:colcon.colcon_core.environment:create_environment_scripts_only(my_robot_package)
[1.996s] INFO:colcon.colcon_core.shell:Creating package script '/home/saravanakumar/my_ws/src/install/my_robot_package/share/my_robot_package/package.ps1'
[1.996s] INFO:colcon.colcon_core.shell:Creating package descriptor '/home/saravanakumar/my_ws/src/install/my_robot_package/share/my_robot_package/package.dsv'
[1.997s] INFO:colcon.colcon_core.shell:Creating package script '/home/saravanakumar/my_ws/src/install/my_robot_package/share/my_robot_package/package.sh'
[1.997s] INFO:colcon.colcon_core.shell:Creating package script '/home/saravanakumar/my_ws/src/install/my_robot_package/share/my_robot_package/package.bash'
[1.998s] INFO:colcon.colcon_core.shell:Creating package script '/home/saravanakumar/my_ws/src/install/my_robot_package/share/my_robot_package/package.zsh'
[1.998s] Level 1:colcon.colcon_core.environment:create_file_with_runtime_dependencies(/home/saravanakumar/my_ws/src/install/my_robot_package/share/colcon-core/packages/my_robot_package)
[1.998s] DEBUG:colcon.colcon_parallel_executor.executor.parallel:closing loop
[1.999s] DEBUG:colcon.colcon_parallel_executor.executor.parallel:loop closed
[1.999s] DEBUG:colcon.colcon_parallel_executor.executor.parallel:run_until_complete finished with '0'
[1.999s] DEBUG:colcon.colcon_core.event_reactor:joining thread
[2.004s] INFO:colcon.colcon_core.plugin_system:Skipping extension 'colcon_notification.desktop_notification.terminal_notifier': Not used on non-Darwin systems
[2.004s] INFO:colcon.colcon_core.plugin_system:Skipping extension 'colcon_notification.desktop_notification.win32': Not used on non-Windows systems
[2.004s] INFO:colcon.colcon_notification.desktop_notification:Sending desktop notification using 'notify2'
[2.014s] DEBUG:colcon.colcon_core.event_reactor:joined thread
[2.014s] INFO:colcon.colcon_core.shell:Creating prefix script '/home/saravanakumar/my_ws/src/install/local_setup.ps1'
[2.016s] INFO:colcon.colcon_core.shell:Creating prefix util module '/home/saravanakumar/my_ws/src/install/_local_setup_util_ps1.py'
[2.018s] INFO:colcon.colcon_core.shell:Creating prefix chain script '/home/saravanakumar/my_ws/src/install/setup.ps1'
[2.019s] INFO:colcon.colcon_core.shell:Creating prefix script '/home/saravanakumar/my_ws/src/install/local_setup.sh'
[2.020s] INFO:colcon.colcon_core.shell:Creating prefix util module '/home/saravanakumar/my_ws/src/install/_local_setup_util_sh.py'
[2.020s] INFO:colcon.colcon_core.shell:Creating prefix chain script '/home/saravanakumar/my_ws/src/install/setup.sh'
[2.021s] INFO:colcon.colcon_core.shell:Creating prefix script '/home/saravanakumar/my_ws/src/install/local_setup.bash'
[2.021s] INFO:colcon.colcon_core.shell:Creating prefix chain script '/home/saravanakumar/my_ws/src/install/setup.bash'
[2.022s] INFO:colcon.colcon_core.shell:Creating prefix script '/home/saravanakumar/my_ws/src/install/local_setup.zsh'
[2.022s] INFO:colcon.colcon_core.shell:Creating prefix chain script '/home/saravanakumar/my_ws/src/install/setup.zsh'
